2022-07-12T14:01:07.019+0800	ERROR	codedemo/main.go:9	Error fetching url google : Error
2022-07-12T14:01:07.019+0800	INFO	codedemo/main.go:10	succes...
2022-07-12T14:01:12.094+0800	ERROR	codedemo/main.go:9	Error fetching url google : Error
2022-07-12T14:01:12.094+0800	INFO	codedemo/main.go:10	succes...
hello!